YouTube Podcast Scraper v1.0
运行时间: 2026-09-28T08:10:49.321757
仓库根目录: /home/runner/work/hermes-podcast-scraper/hermes-podcast-scraper

已处理视频: 263 个

🔍 搜索: 品牌运营 创业故事 企业家 深度访谈
   找到 3 个视频
🔍 搜索: 品牌建设 品牌营销 增长策略
   找到 3 个视频
🔍 搜索: 企业成长 管理经验 创始人对话
   找到 3 个视频
🔍 搜索: 创业经验 商业思维 赚钱生意
   找到 3 个视频
🔍 搜索: 品牌出海 跨境电商 国际化运营
   找到 3 个视频
🔍 搜索: brand building business strategy podcast interview
   找到 3 个视频
🔍 搜索: founder story business growth branding tips
   找到 3 个视频
🔍 搜索: how to build a brand marketing entrepreneurship
   找到 3 个视频
🔍 搜索: startup scaling brand strategy CEO interview
   找到 3 个视频
🔍 搜索: business growth mindset leadership brand story
   找到 3 个视频

📊 本次待处理新视频: 3 个

📹 [4kksYg1RdGQ] 第一集：《何期自性·本自清净》| 刘丰、王志远 系列对话
   频道: 刘丰老师海外频道（理论内容发布） | 播放: 475
    Downloading subtitles (no cookies)...
  yt-dlp exit code: 1
  yt-dlp ERROR: WARNING: [youtube] No title found in player responses; falling back to title from initial data. Other metadata may also be missing
  No subtitle files downloaded
   ⚠️ 无逐字稿（可能没有字幕）
  ✅ 已保存: wiki/来源/播客/2026-09-28 第一集：《何期自性·本自清净》| 刘丰、王志远 系列对话.md

📹 [MTyYBMQCto4] The Mindset Behind Building a Brand with Juan Gonzalez of ThatWasEpic | The KOS Theory
   频道: KOS Inc by Gustavo Lebaron | 播放: 191
    Downloading subtitles (no cookies)...
  yt-dlp exit code: 1
  yt-dlp ERROR: WARNING: [youtube] No title found in player responses; falling back to title from initial data. Other metadata may also be missing
  No subtitle files downloaded
   ⚠️ 无逐字稿（可能没有字幕）
  ✅ 已保存: wiki/来源/播客/2026-09-28 The Mindset Behind Building a Brand with Juan Gonzalez of Th.md

📹 [llgX9jxkpLU] From Setbacks to Success: The Mindset of a Top Leader | Lisa Danks | August 1, 2026
   频道: Cindy Landis | 播放: 16
    Downloading subtitles (no cookies)...
  yt-dlp exit code: 1
  yt-dlp ERROR: WARNING: [youtube] No title found in player responses; falling back to title from initial data. Other metadata may also be missing
  No subtitle files downloaded
   ⚠️ 无逐字稿（可能没有字幕）
  ✅ 已保存: wiki/来源/播客/2026-09-28 From Setbacks to Success: The Mindset of a Top Leader | Lisa.md

✅ 完成！成功处理 3/3 个视频
   累计已处理: 266 个
